KleioTranslator - server version 2021.A5 - build 1984 (master) 13/10/2021 20:51 
14-10-2021 1-56

Processing data file imagem-virtude-coimbra.cli
-------------------------------------------
Generic Act translation module with geoentities (XML).
     Joaquim Ramos de Carvalho (joaquim@uc.pt) 
** New document: kleio
=========================
kleio translation started
=========================
Structure: gacto2.str
Prefix: 
Autorel: 
Translation count: 149
Obs: 
** Processing source fonte$imagem-virtude-coimbra
9: lista$imagem-virtude-cap.1
57: viagem$ivc-francisco-xavier-his6-35
62: viagem$ivc-francisco-xavier-his4-38
72: viagem$ivc-simao-rodrigues-his7-35
75: viagem$ivc-simao-rodrigues-his8-40
80: lista$imagem-virtude-cap-2
82: lista$ivc-bio-goncalo-da-silveira
157: pevent$ivc-goncalo-da-silveira-his3-115
169: viagem$imagem-virtude-v2-his1-18
176: estadia$imagem-virtude-v2-his2-21
191: viagem$imagem-virtude-v2-his1-22
199: viagem$ivc-goncalo-da-silveira-his1-56
201: estadia$ivc-goncalo-da-silveira-his2-56
216: estadia$ivc-goncalo-da-silveira-his3-57
235: estadia$ivc-goncalo-da-silveira-his5-61
237: estadia$ivc-goncalo-da-silveira-his4-63
241: viagem$ivc-goncalo-da-silveira-his5-64
255: estadia$ivc-goncalo-da-silveira-his6-64
261: estadia$ivc-goncalo-da-silveira-his7-67
273: viagem$ivc-goncalo-da-silveira-his6-68
290: estadia$ivc-goncalo-da-silveira-his7-69
341: pevent$ivc-goncalo-da-silveira-his1-146
358: pevent$ivc-goncalo-da-silveira-his2-80
368: viagem$ivc-goncalo-da-silveira-his1-85
374: pevent$ivc-goncalo-da-silveira-his2-85
382: pevent$ivc-goncalo-da-silveira-his3-85
406: pevent$ivc-goncalo-da-silveira-his1-91
420: viagem$ivc-goncalo-da-silveira-his1-92
439: estadia$ivc-goncalo-da-silveira-his2-101
452: pevent$ivc-goncalo-da-silveira-his4-117
460: estadia$ivc-goncalo-da-silveira-his3-118
470: viagem$ivc-goncalo-da-silveira-his9-119
485: pevent$ivc-goncalo-da-silveira-his5-123
492: pevent$ivc-goncalo-da-silveira-his10-124
496: evento$imagem-virtude-v2-his1-9
507: evento$imagem-virtude-v2-his2-10
522: evento$ivc-bio-goncalo-da-silveira-his8-76
529: evento$ivc-bio-goncalo-da-silveira-his1-81
536: evento$ivc-doc2-his6-61
562: evento$ivc-bio-goncalo-da-silveira-his2-107
571: carta$ivc-doc1
581: carta$ivc-doc2
588: carta$ivc-doc3
610: carta$ivc-doc4
627: lista$ivc-bio-antonio-de-almeida
639: viagem$ivc-bio-antonio-de-almeida-per1-130-his1-130
641: estadia$ivc-bio-antonio-de-almeida-per1-130-his1-131
647: estadia$ivc-bio-antonio-de-almeida-per1-130-his2-131
651: estadia$ivc-bio-antonio-de-almeida-per1-130-his5-135
655: estadia$ivc-bio-antonio-de-almeida-per1-130-his5-137
670: carta$carta-antonio-almeida-1586
*** End of File

Line 143 "SAME AS" TO EXTERNAL REFERENCE EXPORTED (bio-alvaro-silveira) CHECK IF IT EXISTS BEFORE IMPORTING THIS FILE.
Line 359 "SAME AS" TO EXTERNAL REFERENCE EXPORTED (bio-constantino-de-braganca) CHECK IF IT EXISTS BEFORE IMPORTING THIS FILE.
Line 456 "SAME AS" TO EXTERNAL REFERENCE EXPORTED (bio-alvaro-silveira) CHECK IF IT EXISTS BEFORE IMPORTING THIS FILE.
Line 458 "SAME AS" TO EXTERNAL REFERENCE EXPORTED (bio-constantino-de-braganca) CHECK IF IT EXISTS BEFORE IMPORTING THIS FILE.
Line 628 "SAME AS" TO EXTERNAL REFERENCE EXPORTED (deh-antonio-de-almeida) CHECK IF IT EXISTS BEFORE IMPORTING THIS FILE.
Line 643 "SAME AS" TO EXTERNAL REFERENCE EXPORTED (bio-alessandro-valignano) CHECK IF IT EXISTS BEFORE IMPORTING THIS FILE.
Line 649 "SAME AS" TO EXTERNAL REFERENCE EXPORTED (bio-michele-ruggieri) CHECK IF IT EXISTS BEFORE IMPORTING THIS FILE.
Line 653 "SAME AS" TO EXTERNAL REFERENCE EXPORTED (bio-michele-ruggieri) CHECK IF IT EXISTS BEFORE IMPORTING THIS FILE.
Line 657 "SAME AS" TO EXTERNAL REFERENCE EXPORTED (bio-matteo-ricci) CHECK IF IT EXISTS BEFORE IMPORTING THIS FILE.

** Processed file- /kleio-home/sources/china-coimbra/sources/jesuitas-franco-imagem-virtude/sources/imagem-virtude-coimbra.cli
** Original file- /kleio-home/sources/china-coimbra/sources/jesuitas-franco-imagem-virtude/sources/imagem-virtude-coimbra.org
** Previous version- /kleio-home/sources/china-coimbra/sources/jesuitas-franco-imagem-virtude/sources/imagem-virtude-coimbra.old
** Temp file with ids- /kleio-home/sources/china-coimbra/sources/jesuitas-franco-imagem-virtude/sources/imagem-virtude-coimbra.ids
** - /kleio-home/sources/china-coimbra/sources/jesuitas-franco-imagem-virtude/sources/imagem-virtude-coimbra.cli-renamed to- /kleio-home/sources/china-coimbra/sources/jesuitas-franco-imagem-virtude/sources/imagem-virtude-coimbra.old
0  errors. 
0  warnings.
Translation finished.
