KleioTranslator - server version 2021.A5 - build 1984 (master) 13/10/2021 20:51 
14-10-2021 23-34

Processing data file imagem-virtude-coimbra.cli
-------------------------------------------
Generic Act translation module with geoentities (XML).
     Joaquim Ramos de Carvalho (joaquim@uc.pt) 
** New document: kleio
=========================
kleio translation started
=========================
Structure: gacto2.str

Prefix: 
Autorel: 
Translation count: 
Obs: 
Translation count not set or invalid, counting as zero: 
** Processing source fonte$imagem-virtude-coimbra/fonte-jesuita/ano=1719
      /obs=""" Franco (S.I.), Antonio, Imagem da virtude em o noviciado da Companhia de Jesus no Real Collegio de Jesus de Coimbra em Portugal (Évora: na Officina da Universidade, 1719)  Inicialmente fez-se uma experiência de descrição detalhada, com a vida de Gonçalo da Silveira. Depois focamos nos missionários para a China."""



WARNING: imagem-virtude-coimbra.cli line 12 * Warning: Filename should match source Id to avoid errors. File: imagem-virtude-coimbra Id: imagem-virtude-coimbra/fonte-jesuita/ano=1719
      /obs=""" Franco (S.I.), Antonio, Imagem da virtude em o noviciado da Companhia de Jesus no Real Collegio de Jesus de Coimbra em Portugal (Évora: na Officina da Universidade, 1719)  Inicialmente fez-se uma experiência de descrição detalhada, com a vida de Gonçalo da Silveira. Depois focamos nos missionários para a China."""

.
Near lines: 12 
Near lines: 13       lista$imagem-virtude-cap.1/0/0/1719/obs="""


ERROR: imagem-virtude-coimbra.cli line 16 ** Error: missing element(s) in lista(imagem-virtude-cap.1/0/0/1719/obs=""" 'Da-) must have: ano dia mes
Near lines: 16 
Near lines: 17          n$Colégio de Coimbra/id=colegio-coimbra/obs=Notas sobre a História do Colégio

17: lista$imagem-virtude-cap.1/0/0/1719/obs=""" 'Da-se sumária notícia do Real Colégio de Jesus de Coimbra.' Descreve o espaço da alta onde o colégio e a organização interna do edifício."""



ERROR: imagem-virtude-coimbra.cli line 20 ** Error: missing element(s) in ls(att-1) must have: valor
Near lines: 20 
Near lines: 21             ls$regulations/Constituições do Colégio de Coimbra 1547/15531100/obs="""


ERROR: imagem-virtude-coimbra.cli line 25 ** Error: missing element(s) in ls(att-2) must have: valor
Near lines: 25 
Near lines: 26             ls$regulations/Regras do Noviciado/15550400/obs="""


ERROR: imagem-virtude-coimbra.cli line 30 ** Error: missing element(s) in ls(att-3) must have: valor
Near lines: 30 
Near lines: 31             ls$event/End of "noviciado" in Coimbra and Évora/16190000/obs="""


ERROR: imagem-virtude-coimbra.cli line 33 ** Error: missing element(s) in ls(att-4) must have: valor
Near lines: 33             que então começou a ser habitada"""
Near lines: 34             ls$event/Restart of the "noviciado" at Coimbra and Évora/16300000


ERROR: imagem-virtude-coimbra.cli line 34 ** Error: missing element(s) in ls(att-5) must have: valor
Near lines: 34             ls$event/Restart of the "noviciado" at Coimbra and Évora/16300000
Near lines: 35             ls$event/"Noviciado" relocates to second floor Colégio das Artes/16380000/obs=8 or 9 years after restart of "noviciado" p. 6


ERROR: imagem-virtude-coimbra.cli line 35 ** Error: missing element(s) in ls(att-6) must have: valor
Near lines: 35             ls$event/"Noviciado" relocates to second floor Colégio das Artes/16380000/obs=8 or 9 years after restart of "noviciado" p. 6
Near lines: 36             ls$event/Placement of painting from Saint Inácio's cell/16780202/obs="""


ERROR: imagem-virtude-coimbra.cli line 44 ** Error: missing element(s) in ls(att-7) must have: valor
Near lines: 44 
Near lines: 45             referido$Francisco de Borja/id=ivc-francisco-de-borja


ERROR: imagem-virtude-coimbra.cli line 47 ** Error: missing element(s) in ls(att-8) must have: valor
Near lines: 47 
Near lines: 48             referido$Jerónimo Nadal/id=ivc-jeronimo-nadal


ERROR: imagem-virtude-coimbra.cli line 50 ** Error: missing element(s) in ls(att-9) must have: valor
Near lines: 50 
Near lines: 51             referido$Diogo Monteiro/id=ivc-diogo-monteiro


ERROR: imagem-virtude-coimbra.cli line 52 ** Error: missing element(s) in ls(att-10) must have: valor
Near lines: 52                ls$cargo/Provincial dos Jesuítas/16300400
Near lines: 53                ls$jesuita-estatutos/provincial/16300400


ERROR: imagem-virtude-coimbra.cli line 54 ** Error: missing element(s) in ls(att-11) must have: valor
Near lines: 54 
Near lines: 55             referido$Álvaro/id=ivc-alvaro-duque-de-aveiro


ERROR: imagem-virtude-coimbra.cli line 56 ** Error: missing element(s) in ls(att-12) must have: valor
Near lines: 56                ls$titulo/Dom
Near lines: 57                ls$titulo/Duque de Aveiro


ERROR: imagem-virtude-coimbra.cli line 58 ** Error: missing element(s) in ls(att-13) must have: valor
Near lines: 58 
Near lines: 59             referido$Pedro/id=ivc-pedro-duque-de-aveiro


ERROR: imagem-virtude-coimbra.cli line 60 ** Error: missing element(s) in ls(att-14) must have: valor
Near lines: 60                ls$titulo/Dom
Near lines: 61                ls$cargo/Inquisidor Geral


ERROR: imagem-virtude-coimbra.cli line 61 ** Error: missing element(s) in ls(att-15) must have: valor
Near lines: 61                ls$cargo/Inquisidor Geral
Near lines: 62                ls$titulo/Duque de Aveiro


ERROR: imagem-virtude-coimbra.cli line 62 ** Error: missing element(s) in ls(att-16) must have: valor
Near lines: 62                ls$titulo/Duque de Aveiro
Near lines: 63                ls$estadia/Colégio de Jesus, Coimbra/163900/obs=data aprox. p. 6


ERROR: imagem-virtude-coimbra.cli line 63 ** Error: missing element(s) in ls(att-17) must have: valor
Near lines: 63                ls$estadia/Colégio de Jesus, Coimbra/163900/obs=data aprox. p. 6
Near lines: 64                ls$estadia/Colégio de Jesus, Coimbra/164100/obs=data aprox. p. 6


ERROR: imagem-virtude-coimbra.cli line 64 ** Error: missing element(s) in ls(att-18) must have: valor
Near lines: 64                ls$estadia/Colégio de Jesus, Coimbra/164100/obs=data aprox. p. 6
Near lines: 65                rel$kin/son/Álvaro/ivc-alvaro-duque-aveiro


ERROR: imagem-virtude-coimbra.cli line 66 ** Error: missing element(s) in rel(rel-1) must have: iddest nomedest valor
Near lines: 66 
Near lines: 67             referido$António/id=colegio-coimbra-per1-48


WARNING: imagem-virtude-coimbra.cli line 66 Element value exceeds database field length: tipo=kin/son/Álvaro/ivc-alvaro-duque-aveiro

. Size:40 limit: 32
Near lines: 66 
Near lines: 67             referido$António/id=colegio-coimbra-per1-48


ERROR: imagem-virtude-coimbra.cli line 68 ** Error: missing element(s) in ls(att-19) must have: valor
Near lines: 68                ls$titulo/Dom
Near lines: 69                ls$death-place/Castela


ERROR: imagem-virtude-coimbra.cli line 69 ** Error: missing element(s) in ls(att-20) must have: valor
Near lines: 69                ls$death-place/Castela
Near lines: 70                ls$estadia/Colégio de Jesus, Coimbra/163900/obs=data aprox. p. 6


ERROR: imagem-virtude-coimbra.cli line 70 ** Error: missing element(s) in ls(att-21) must have: valor
Near lines: 70                ls$estadia/Colégio de Jesus, Coimbra/163900/obs=data aprox. p. 6
Near lines: 71                ls$estadia/Colégio de Jesus, Coimbra/164100/obs=data aprox. p. 6


ERROR: imagem-virtude-coimbra.cli line 71 ** Error: missing element(s) in ls(att-22) must have: valor
Near lines: 71                ls$estadia/Colégio de Jesus, Coimbra/164100/obs=data aprox. p. 6
Near lines: 72                rel$kin/son/Álvaro/ivc-alvaro-duque-aveiro


ERROR: imagem-virtude-coimbra.cli line 73 ** Error: missing element(s) in rel(rel-2) must have: iddest nomedest valor
Near lines: 73 
Near lines: 74             referido$Diogo Mirão/id=ivc-diogo-mirao


WARNING: imagem-virtude-coimbra.cli line 73 Element value exceeds database field length: tipo=kin/son/Álvaro/ivc-alvaro-duque-aveiro

. Size:40 limit: 32
Near lines: 73 
Near lines: 74             referido$Diogo Mirão/id=ivc-diogo-mirao


ERROR: imagem-virtude-coimbra.cli line 78 ** Error: missing element(s) in ls(att-23) must have: valor
Near lines: 78 
Near lines: 79          n$Francisco Xavier/id=ivc-francisco-xavier

83: viagem$imagem-virtude-cap.1/0/0/1719/obs=""" 'Da-se sumária notícia do Real Colégio de Jesus de Coimbra.' Descreve o espaço da alta onde o colégio e a organização interna do edifício."""

-per10-his136

ERROR: imagem-virtude-coimbra.cli line 85 ** Error: missing element(s) in ls(att-24) must have: valor
Near lines: 85 
Near lines: 86             viagem$Portugal Índia/0/0/1541/id=ivc-francisco-xavier-his4-38

88: viagem$imagem-virtude-cap.1/0/0/1719/obs=""" 'Da-se sumária notícia do Real Colégio de Jesus de Coimbra.' Descreve o espaço da alta onde o colégio e a organização interna do edifício."""

-per10-his137

ERROR: imagem-virtude-coimbra.cli line 90 ** Error: missing element(s) in ls(att-25) must have: valor
Near lines: 90 
Near lines: 91          n$Simão Rodrigues/id=ivc-simao-rodrigues/obs=Membro do grupo inicial de Jesuítas, primeiro em Portugal com Francisco Xavier.


ERROR: imagem-virtude-coimbra.cli line 92 ** Error: missing element(s) in ls(att-26) must have: valor
Near lines: 92             ls$estadia/Mosteiro de Santo Antão-o-Velho/15410000/obs="Na raiz do monte do castelo de Lisboa"
Near lines: 93             ls$estadia/Mosteiro de Santa Cruz, Coimbra/15420613


ERROR: imagem-virtude-coimbra.cli line 93 ** Error: missing element(s) in ls(att-27) must have: valor
Near lines: 93             ls$estadia/Mosteiro de Santa Cruz, Coimbra/15420613
Near lines: 94             ls$estadia/Casas na Rua Nova de El-Rei, Coimbra/15420702/obs="""


ERROR: imagem-virtude-coimbra.cli line 101 ** Error: missing element(s) in ls(att-28) must have: valor
Near lines: 101 
Near lines: 102             viagem$Itália para Portugal/0/0/1540/obs=Viagem dos primeiros Jesuítas para Portugal/id=ivc-simao-rodrigues-his7-35

104: viagem$imagem-virtude-cap.1/0/0/1719/obs=""" 'Da-se sumária notícia do Real Colégio de Jesus de Coimbra.' Descreve o espaço da alta onde o colégio e a organização interna do edifício."""

-per3-his138
107: viagem$imagem-virtude-cap.1/0/0/1719/obs=""" 'Da-se sumária notícia do Real Colégio de Jesus de Coimbra.' Descreve o espaço da alta onde o colégio e a organização interna do edifício."""

-per3-his139

ERROR: imagem-virtude-coimbra.cli line 107 ** Error: missing element(s) in ls(att-29) must have: valor
Near lines: 107                ls$inicio/Lisboa/15420609
Near lines: 108                ls$fim/Coimbra/15420613


ERROR: imagem-virtude-coimbra.cli line 109 ** Error: missing element(s) in ls(att-30) must have: valor
Near lines: 109 
Near lines: 110       lista$imagem-virtude-cap-2/0/0/1719/obs=Google-Books-ID: JDA2wD7ZRDEC


ERROR: imagem-virtude-coimbra.cli line 111 ** Error: missing element(s) in lista(imagem-virtude-cap-2/0/0/1719/obs=Google-B) must have: ano dia mes
Near lines: 111 
Near lines: 112       lista$ivc-bio-goncalo-da-silveira/0/0/1719

112: lista$imagem-virtude-cap-2/0/0/1719/obs=Google-Books-ID: JDA2wD7ZRDEC



ERROR: imagem-virtude-coimbra.cli line 113 ** Error: missing element(s) in lista(ivc-bio-goncalo-da-silveira/0/0/1719

) must have: ano dia mes
Near lines: 113 
Near lines: 114          n$Gonçalo da Silveira/id=ivc-goncalo-da-silveira/obs=Volume 2, p.1

114: lista$ivc-bio-goncalo-da-silveira/0/0/1719



ERROR: imagem-virtude-coimbra.cli line 115 ** Error: missing element(s) in ls(att-31) must have: valor
Near lines: 115             ls$titulo/Dom/obs="Padre Dom Gonçalo, que assim se nomeou por não ser ainda proibido entre nós, o chamar-se Dom, quem o tinha de seus pais"
Near lines: 116             ls$jesuita-estatutoa-estatuto/Padre


ERROR: imagem-virtude-coimbra.cli line 116 ** Error: missing element(s) in ls(att-32) must have: valor
Near lines: 116             ls$jesuita-estatutoa-estatuto/Padre
Near lines: 117             ls$nota/um dos primeiros padres desta nossa província de Portugal


ERROR: imagem-virtude-coimbra.cli line 117 ** Error: missing element(s) in ls(att-33) must have: valor
Near lines: 117             ls$nota/um dos primeiros padres desta nossa província de Portugal
Near lines: 118             ls$nascimento/Almeirim/15260223#sexta feira/obs=a mãe seria de Góis, e faleceu do parto, um Antão Saraiva, que teria sido estribeiro do pai de Gonçalo da Silveira teria dito que ele nascera nas "Casas do Sertório" em Évora. Franco pensa que estas reivindicações de naturalidade são posteriores à fama de Gonçalo. Nasceu em Almerim porque ali estava a cort e e o pai seguia a corte, por inerência do cargo. (último de 10 irmãos)s


ERROR: imagem-virtude-coimbra.cli line 118 ** Error: missing element(s) in ls(att-34) must have: valor
Near lines: 118             ls$nascimento/Almeirim/15260223#sexta feira/obs=a mãe seria de Góis, e faleceu do parto, um Antão Saraiva, que teria sido estribeiro do pai de Gonçalo da Silveira teria dito que ele nascera nas "Casas do Sertório" em Évora. Franco pensa que estas reivindicações de naturalidade são posteriores à fama de Gonçalo. Nasceu em Almerim porque ali estava a cort e e o pai seguia a corte, por inerência do cargo. (último de 10 irmãos)s
Near lines: 119             ls$estadia/Convento de Santa Margarida, Ordem Francisca, Castela, Espanha#Além do Rio Douro, junto ao Mogadouro/0/obs=Quando sabia já ler e escrever, para aprender gramática.


ERROR: imagem-virtude-coimbra.cli line 119 ** Error: missing element(s) in ls(att-35) must have: valor
Near lines: 119             ls$estadia/Convento de Santa Margarida, Ordem Francisca, Castela, Espanha#Além do Rio Douro, junto ao Mogadouro/0/obs=Quando sabia já ler e escrever, para aprender gramática.
Near lines: 120             ls$estadia/Coimbra/15430000/obs=O mandou o Conde D. Diogo da Silveira, seu irmão, a Coimbra


ERROR: imagem-virtude-coimbra.cli line 120 ** Error: missing element(s) in ls(att-36) must have: valor
Near lines: 120             ls$estadia/Coimbra/15430000/obs=O mandou o Conde D. Diogo da Silveira, seu irmão, a Coimbra
Near lines: 121             ls$study/Coimbra/1543/obs="Pouco antes tinham vindo a Coimbra os nossos religiosos, aos quais por serem os mais deles estrangeiros, tidos e havidos no povo por idiotas, chamavão por desprezo Franchinotes..."


ERROR: imagem-virtude-coimbra.cli line 121 ** Error: missing element(s) in ls(att-37) must have: valor
Near lines: 121             ls$study/Coimbra/1543/obs="Pouco antes tinham vindo a Coimbra os nossos religiosos, aos quais por serem os mais deles estrangeiros, tidos e havidos no povo por idiotas, chamavão por desprezo Franchinotes..."
Near lines: 122             ls$estadia/Mosteiro de Santa Cruz/15430000/obs=Os anos que estudou em Coimbra viveu no Real Mosteiro de Santa Cruz.


ERROR: imagem-virtude-coimbra.cli line 122 ** Error: missing element(s) in ls(att-38) must have: valor
Near lines: 122             ls$estadia/Mosteiro de Santa Cruz/15430000/obs=Os anos que estudou em Coimbra viveu no Real Mosteiro de Santa Cruz.
Near lines: 123             ls$jesuita-estatutoa-entrada/Coimbra/15430609/obs="Não havendo ainda um ano que a Companhia entrara em Coimbra", "Fez a entrada com tanto segredo, que assim desapareceu, com se a terra o engolira, por evitar os primeiros assaltos dos parentes, e a desinquietação que podia fazer aos nossos, quis ocultar-se em algum retiro" - Relata diligências da família em o convencer a desistir "que se queria ser religioso, não faltava religiões autorizadas"


ERROR: imagem-virtude-coimbra.cli line 123 ** Error: missing element(s) in ls(att-39) must have: valor
Near lines: 123             ls$jesuita-estatutoa-entrada/Coimbra/15430609/obs="Não havendo ainda um ano que a Companhia entrara em Coimbra", "Fez a entrada com tanto segredo, que assim desapareceu, com se a terra o engolira, por evitar os primeiros assaltos dos parentes, e a desinquietação que podia fazer aos nossos, quis ocultar-se em algum retiro" - Relata diligências da família em o convencer a desistir "que se queria ser religioso, não faltava religiões autorizadas"
Near lines: 124             rel$jesuit/fez noviciado com/Nuno Ribeiro/ivc-nuno-ribeiro


ERROR: imagem-virtude-coimbra.cli line 124 ** Error: missing element(s) in rel(rel-3) must have: iddest nomedest valor
Near lines: 124             rel$jesuit/fez noviciado com/Nuno Ribeiro/ivc-nuno-ribeiro
Near lines: 125             rel$jesuit/fez deslocação com/Belchior Carneiro/ivc-goncalo-da-silveira-per1-17/obs=foram a Góis ver a família de Gonçalo.


WARNING: imagem-virtude-coimbra.cli line 124 Element value exceeds database field length: tipo=jesuit/fez noviciado com/Nuno Ribeiro/ivc-nuno-ribeiro
. Size:55 limit: 32
Near lines: 124             rel$jesuit/fez noviciado com/Nuno Ribeiro/ivc-nuno-ribeiro
Near lines: 125             rel$jesuit/fez deslocação com/Belchior Carneiro/ivc-goncalo-da-silveira-per1-17/obs=foram a Góis ver a família de Gonçalo.


ERROR: imagem-virtude-coimbra.cli line 125 ** Error: missing element(s) in rel(rel-4) must have: iddest nomedest valor
Near lines: 125             rel$jesuit/fez deslocação com/Belchior Carneiro/ivc-goncalo-da-silveira-per1-17/obs=foram a Góis ver a família de Gonçalo.
Near lines: 126             ls$jesuita-estatuto-vows/Votos/15441101#1544? "Depois de um ano de noviciado fez votos em dia de todos os Santos"


WARNING: imagem-virtude-coimbra.cli line 125 Element value exceeds database field length: tipo=jesuit/fez deslocação com/Belchior Carneiro/ivc-goncalo-da-silveira-per1-17/obs=foram a Góis ver a família de Gonçalo.
. Size:119 limit: 32
Near lines: 125             rel$jesuit/fez deslocação com/Belchior Carneiro/ivc-goncalo-da-silveira-per1-17/obs=foram a Góis ver a família de Gonçalo.
Near lines: 126             ls$jesuita-estatuto-vows/Votos/15441101#1544? "Depois de um ano de noviciado fez votos em dia de todos os Santos"


ERROR: imagem-virtude-coimbra.cli line 126 ** Error: missing element(s) in ls(att-40) must have: valor
Near lines: 126             ls$jesuita-estatuto-vows/Votos/15441101#1544? "Depois de um ano de noviciado fez votos em dia de todos os Santos"
Near lines: 127             ls$clergy/Ordens de Epístola/15450815#Dia de Nossa Senhora de Agosto


ERROR: imagem-virtude-coimbra.cli line 127 ** Error: missing element(s) in ls(att-41) must have: valor
Near lines: 127             ls$clergy/Ordens de Epístola/15450815#Dia de Nossa Senhora de Agosto
Near lines: 128             ls$clergy/Ordens de Missa/15450908#Dia de Nossa Senhora de Setembro


ERROR: imagem-virtude-coimbra.cli line 128 ** Error: missing element(s) in ls(att-42) must have: valor
Near lines: 128             ls$clergy/Ordens de Missa/15450908#Dia de Nossa Senhora de Setembro
Near lines: 129             ls$bibliography/Mia Couto, O Outro Pé da Sereia/20060000/obs=Romance em que Gonçalo da Silveira e a sua missão em África tem papel importante.


ERROR: imagem-virtude-coimbra.cli line 130 ** Error: missing element(s) in ls(att-43) must have: valor
Near lines: 130 
Near lines: 131             referido$João III/id=ivc-goncalo-da-silveira-per3-8


ERROR: imagem-virtude-coimbra.cli line 133 ** Error: missing element(s) in ls(att-44) must have: valor
Near lines: 133 
Near lines: 134             referido$Nuno Ribeiro/id=ivc-goncalo-da-silveira-per1-16


ERROR: imagem-virtude-coimbra.cli line 136 ** Error: missing element(s) in ls(att-45) must have: valor
Near lines: 136 
Near lines: 137             referido$Belchior Carneiro/id=ivc-belchior-carneiro


ERROR: imagem-virtude-coimbra.cli line 139 ** Error: missing element(s) in ls(att-46) must have: valor
Near lines: 139 
Near lines: 140             pai$Luis da Silveira/id=ivc-goncalo-da-silveira-per1/obs="dai a poucos anos [morreu] o Conde..." Referência de Carlos V à mercê de Conde de Sortelha a Luís de Silveira, nos Anais de D. João III, de Fr. Luís de Sousa, p.375, no anexo de "Memórias e Documentos", datada de Bruxelas 33 de outubro de 1531, e no texto p.10. D. João III teria enviado Luis da Silveira como embaixador a Carlos V para tratar do casamento da irmã, a infanta Isabel. Ver Frei Luis de Sousa p. 41.


WARNING: imagem-virtude-coimbra.cli line 140 Element value exceeds database field length: nome=Luis da Silveira/id=ivc-goncalo-da-silveira-per1/obs="dai a poucos anos [morreu] o Conde..." Referência de Carlos V à mercê de Conde de Sortelha a Luís de Silveira, nos Anais de D. João III, de Fr. Luís de Sousa, p.375, no anexo de "Memórias e Documentos", datada de Bruxelas 33 de outubro de 1531, e no texto p.10. D. João III teria enviado Luis da Silveira como embaixador a Carlos V para tratar do casamento da irmã, a infanta Isabel. Ver Frei Luis de Sousa p. 41.
. Size:468 limit: 128
Near lines: 140             pai$Luis da Silveira/id=ivc-goncalo-da-silveira-per1/obs="dai a poucos anos [morreu] o Conde..." Referência de Carlos V à mercê de Conde de Sortelha a Luís de Silveira, nos Anais de D. João III, de Fr. Luís de Sousa, p.375, no anexo de "Memórias e Documentos", datada de Bruxelas 33 de outubro de 1531, e no texto p.10. D. João III teria enviado Luis da Silveira como embaixador a Carlos V para tratar do casamento da irmã, a infanta Isabel. Ver Frei Luis de Sousa p. 41.
Near lines: 141                ls$titulo/Dom


ERROR: imagem-virtude-coimbra.cli line 141 ** Error: missing element(s) in ls(att-47) must have: valor
Near lines: 141                ls$titulo/Dom
Near lines: 142                ls$titulo/Conde de Sortelha/obs=primeiro Conde


ERROR: imagem-virtude-coimbra.cli line 142 ** Error: missing element(s) in ls(att-48) must have: valor
Near lines: 142                ls$titulo/Conde de Sortelha/obs=primeiro Conde
Near lines: 143                ls$cargo/Guarda Mor de D.João III


ERROR: imagem-virtude-coimbra.cli line 143 ** Error: missing element(s) in ls(att-49) must have: valor
Near lines: 143                ls$cargo/Guarda Mor de D.João III
Near lines: 144                ls$cargo/Alcaide Mor de Alenquer


ERROR: imagem-virtude-coimbra.cli line 144 ** Error: missing element(s) in ls(att-50) must have: valor
Near lines: 144                ls$cargo/Alcaide Mor de Alenquer
Near lines: 145                ls$mission/Embaixador para o casamento de D.Isabel com Carlos V.


ERROR: imagem-virtude-coimbra.cli line 145 ** Error: missing element(s) in ls(att-51) must have: valor
Near lines: 145                ls$mission/Embaixador para o casamento de D.Isabel com Carlos V.
Near lines: 146                ls$estadia/Almeirim/15260223/obs=Seguindo a Corte


ERROR: imagem-virtude-coimbra.cli line 146 ** Error: missing element(s) in ls(att-52) must have: valor
Near lines: 146                ls$estadia/Almeirim/15260223/obs=Seguindo a Corte
Near lines: 147                ls$dead-tomb/Igreja de Góis/geral|view|70290/obs=Buried at the Igreja de Góis,see p.40 cap. XIII http:||www.patrimoniocultural.gov.pt|pt|patrimonio|patrimonio-imovel|pesquisa-do-patrimonio|classificado-ou-em-vias-de-classificacao


ERROR: imagem-virtude-coimbra.cli line 147 ** Error: missing element(s) in ls(att-53) must have: valor
Near lines: 147                ls$dead-tomb/Igreja de Góis/geral|view|70290/obs=Buried at the Igreja de Góis,see p.40 cap. XIII http:||www.patrimoniocultural.gov.pt|pt|patrimonio|patrimonio-imovel|pesquisa-do-patrimonio|classificado-ou-em-vias-de-classificacao
Near lines: 148                rel$parentesco/pai/Filipa de Vilhena/ivc-filipa-de-vilhena


ERROR: imagem-virtude-coimbra.cli line 149 ** Error: missing element(s) in rel(rel-5) must have: iddest nomedest valor
Near lines: 149 
Near lines: 150                ppai$Nuno Martins da Silveira/id=ivc-goncalo-da-silveira-per1-per1-5


WARNING: imagem-virtude-coimbra.cli line 149 Element value exceeds database field length: tipo=parentesco/pai/Filipa de Vilhena/ivc-filipa-de-vilhena

. Size:56 limit: 32
Near lines: 149 
Near lines: 150                ppai$Nuno Martins da Silveira/id=ivc-goncalo-da-silveira-per1-per1-5


ERROR: imagem-virtude-coimbra.cli line 151 ** Error: missing element(s) in ls(att-54) must have: valor
Near lines: 151                   ls$titulo/Senhor de Góis
Near lines: 152                   ls$cargo/Mordomo da Rainha D. Catarina


ERROR: imagem-virtude-coimbra.cli line 152 ** Error: missing element(s) in ls(att-55) must have: valor
Near lines: 152                   ls$cargo/Mordomo da Rainha D. Catarina
Near lines: 153                   ls$cargo/Mordomo de D.Filipa de Vilhena


ERROR: imagem-virtude-coimbra.cli line 154 ** Error: missing element(s) in ls(att-56) must have: valor
Near lines: 154 
Near lines: 155             mae$Brites Coutinho/id=ivc-goncalo-da-silveira-per2


ERROR: imagem-virtude-coimbra.cli line 156 ** Error: missing element(s) in ls(att-57) must have: valor
Near lines: 156                ls$name/Brites Noronha
Near lines: 157                ls$titulo/Dona


ERROR: imagem-virtude-coimbra.cli line 157 ** Error: missing element(s) in ls(att-58) must have: valor
Near lines: 157                ls$titulo/Dona
Near lines: 158                ls$titulo/Condessa


ERROR: imagem-virtude-coimbra.cli line 158 ** Error: missing element(s) in ls(att-59) must have: valor
Near lines: 158                ls$titulo/Condessa
Near lines: 159                ls$death-date/15260226%ao terceiro dia [depois do parto] faleceu


ERROR: imagem-virtude-coimbra.cli line 159 ** Error: missing element(s) in ls(att-60) must have: valor
Near lines: 159                ls$death-date/15260226%ao terceiro dia [depois do parto] faleceu
Near lines: 160                rel$parentesco/mae/Filipa de Vilhena/ivc-filipa-vilhena


ERROR: imagem-virtude-coimbra.cli line 161 ** Error: missing element(s) in rel(rel-6) must have: iddest nomedest valor
Near lines: 161 
Near lines: 162                pmae$Fernando Coutinho/id=ivc-goncalo-da-silveira-per2-per1-8


WARNING: imagem-virtude-coimbra.cli line 161 Element value exceeds database field length: tipo=parentesco/mae/Filipa de Vilhena/ivc-filipa-vilhena

. Size:53 limit: 32
Near lines: 161 
Near lines: 162                pmae$Fernando Coutinho/id=ivc-goncalo-da-silveira-per2-per1-8


ERROR: imagem-virtude-coimbra.cli line 163 ** Error: missing element(s) in ls(att-61) must have: valor
Near lines: 163                   ls$cargo/Marechal do Reino
Near lines: 164                   ls$death-place/Koldata, India%Calicut/obs=note margin: "Corografia Potug., Tom. 2 pag.276". In the text "Quando o grande Afonso de Albuquerque quiz tomar ao Zamorim aquela cidade"


ERROR: imagem-virtude-coimbra.cli line 165 ** Error: missing element(s) in ls(att-62) must have: valor
Near lines: 165 
Near lines: 166                mmae$Maria de Noronha/id=ivc-goncalo-da-silveira-per2-per2-8


ERROR: imagem-virtude-coimbra.cli line 168 ** Error: missing element(s) in ls(att-63) must have: valor
Near lines: 168 
Near lines: 169             referido$Luís Alves de Távora/id=ivc-luis-alves-de-tavora/obs=Da família dos Marqueses de Távora/obs=Took Gonçalo and his brother Álvaro to his home to raise them when orphaned


WARNING: imagem-virtude-coimbra.cli line 169 Element value exceeds database field length: nome=Luís Alves de Távora/id=ivc-luis-alves-de-tavora/obs=Da família dos Marqueses de Távora/obs=Took Gonçalo and his brother Álvaro to his home to raise them when orphaned
. Size:168 limit: 128
Near lines: 169             referido$Luís Alves de Távora/id=ivc-luis-alves-de-tavora/obs=Da família dos Marqueses de Távora/obs=Took Gonçalo and his brother Álvaro to his home to raise them when orphaned
Near lines: 170                ls$titulo/Senhor do Mogadouro


ERROR: imagem-virtude-coimbra.cli line 170 ** Error: missing element(s) in ls(att-64) must have: valor
Near lines: 170                ls$titulo/Senhor do Mogadouro
Near lines: 171                rel$kin/brother in law/Gonçalo da Silveira/ivc-goncalo-da-silveira


ERROR: imagem-virtude-coimbra.cli line 172 ** Error: missing element(s) in rel(rel-7) must have: iddest nomedest valor
Near lines: 172 
Near lines: 173             referido$Álvaro da Silveira/xmesmo_que=bio-alvaro-silveira/id=ivc-goncalo-da-silveira-per1-114/obs=Later capitam of Ormuz, dies in battle in the Persian Gulf


WARNING: imagem-virtude-coimbra.cli line 172 Element value exceeds database field length: tipo=kin/brother in law/Gonçalo da Silveira/ivc-goncalo-da-silveira

. Size:64 limit: 32
Near lines: 172 
Near lines: 173             referido$Álvaro da Silveira/xmesmo_que=bio-alvaro-silveira/id=ivc-goncalo-da-silveira-per1-114/obs=Later capitam of Ormuz, dies in battle in the Persian Gulf


WARNING: imagem-virtude-coimbra.cli line 173 Element value exceeds database field length: nome=Álvaro da Silveira/xmesmo_que=bio-alvaro-silveira/id=ivc-goncalo-da-silveira-per1-114/obs=Later capitam of Ormuz, dies in battle in the Persian Gulf
. Size:149 limit: 128
Near lines: 173             referido$Álvaro da Silveira/xmesmo_que=bio-alvaro-silveira/id=ivc-goncalo-da-silveira-per1-114/obs=Later capitam of Ormuz, dies in battle in the Persian Gulf
Near lines: 174                rel$kin/brother/Gonçalo da Silveira/ivc-goncalo-da-silveira


ERROR: imagem-virtude-coimbra.cli line 175 ** Error: missing element(s) in rel(rel-8) must have: iddest nomedest valor
Near lines: 175 
Near lines: 176             referida$Filipa de Vilhena/id=ivc-filipa-de-vilhena


WARNING: imagem-virtude-coimbra.cli line 175 Element value exceeds database field length: tipo=kin/brother/Gonçalo da Silveira/ivc-goncalo-da-silveira

. Size:57 limit: 32
Near lines: 175 
Near lines: 176             referida$Filipa de Vilhena/id=ivc-filipa-de-vilhena


ERROR: imagem-virtude-coimbra.cli line 178 ** Error: missing element(s) in rel(rel-9) must have: iddest nomedest valor
Near lines: 178 
Near lines: 179             referido$Álvaro da Silveira/id=ivc-goncalo-da-silveira-per3


WARNING: imagem-virtude-coimbra.cli line 178 Element value exceeds database field length: tipo=kin/wife/Luís Alves de Távora/ivc-luis-alves-de-tavora

. Size:56 limit: 32
Near lines: 178 
Near lines: 179             referido$Álvaro da Silveira/id=ivc-goncalo-da-silveira-per3


ERROR: imagem-virtude-coimbra.cli line 180 ** Error: missing element(s) in ls(att-65) must have: valor
Near lines: 180                ls$titulo/Dom
Near lines: 181                rel$parentesco/sobrinho/Gonçalo da Silveira/ivc-goncalo-da-silveira/obs=neto do pai de Gonçalo da Silveira


ERROR: imagem-virtude-coimbra.cli line 182 ** Error: missing element(s) in rel(rel-10) must have: iddest nomedest valor
Near lines: 182 
Near lines: 183             referido$Rodrigo de Menezes/obs=Colega./id=ivc-goncalo-da-silveira-per1-14


WARNING: imagem-virtude-coimbra.cli line 182 Element value exceeds database field length: tipo=parentesco/sobrinho/Gonçalo da Silveira/ivc-goncalo-da-silveira/obs=neto do pai de Gonçalo da Silveira

. Size:104 limit: 32
Near lines: 182 
Near lines: 183             referido$Rodrigo de Menezes/obs=Colega./id=ivc-goncalo-da-silveira-per1-14


ERROR: imagem-virtude-coimbra.cli line 185 ** Error: missing element(s) in ls(att-66) must have: valor
Near lines: 185 
Near lines: 186             pevent$First Jesuits in Coimbra/0/0/1543/id=ivc-goncalo-da-silveira-his3-115

188: pevent$ivc-bio-goncalo-da-silveira/0/0/1719

-per1-his140

ERROR: imagem-virtude-coimbra.cli line 192 ** Error: missing element(s) in ls(att-67) must have: valor
Near lines: 192 
Near lines: 193                referido$António Moniz/obs=Colega/id=ivc-goncalo-da-silveira-per4-14


ERROR: imagem-virtude-coimbra.cli line 197 ** Error: missing element(s) in ls(att-68) must have: valor
Near lines: 197 
Near lines: 198             viagem$Viagem a Roma 1550/5/1/1550%dia de reis/id=imagem-virtude-v2-his1-18/obs=Santo Inácio chamou a Roma Simão Rodrigues e mandou que com ele fossem alguns teólogos, dos que "dessem de si mais esperanças" para "verem a Companhia na sua fonte". Foram 3. No caminho deviam para em Gandia, para receberem o grau de Doutores em Teologia "assim para maior autoridade das suas letras, como por dar gosto ao Duque D. Francisco de Borja, que assim o pedia, e já naquele tempo era ocultamente da Companhia... p.10" Quando partiram vieram despedir-se 100 irmãos.

200: viagem$ivc-bio-goncalo-da-silveira/0/0/1719

-per1-his141
207: estadia$ivc-bio-goncalo-da-silveira/0/0/1719

-per1-his142

ERROR: imagem-virtude-coimbra.cli line 208 ** Error: missing element(s) in ls(att-69) must have: valor
Near lines: 208 
Near lines: 209                referido$Gonçalo Silveira/mesmo_que=ivc-goncalo-da-silveira/id=imagem-virtude-v2-his2-21-per1-21


ERROR: imagem-virtude-coimbra.cli line 211 ** Error: missing element(s) in ls(att-70) must have: valor
Near lines: 211 
Near lines: 212                referido$Jão Dício Flamengo/mesmo_que=imagem-virtude-v2-his1-18-per2-19/id=imagem-virtude-v2-his2-21-per2-21


ERROR: imagem-virtude-coimbra.cli line 215 ** Error: missing element(s) in ls(att-71) must have: valor
Near lines: 215                   ls$titulo/Duque
Near lines: 216                   ls$titulo/Dom


ERROR: imagem-virtude-coimbra.cli line 217 ** Error: missing element(s) in ls(att-72) must have: valor
Near lines: 217 
Near lines: 218                referido$André de Oviedo/id=imagem-virtude-v2-his2-21-per4-21


ERROR: imagem-virtude-coimbra.cli line 220 ** Error: missing element(s) in ls(att-73) must have: valor
Near lines: 220 
Near lines: 221             viagem$Viagem a Valência/0/1/1550/obs=Depois de estar em Gandia/obs=onde Diogo Mirão, que o tinha recebido na companhia, era Reitor. Pregou com grande sucesso O rei, sabendo que estava ali a pregar mandou recado por mestre Simão que o fizesse voltar ao reino o que ele obedeceu./id=imagem-virtude-v2-his1-22

222: viagem$ivc-bio-goncalo-da-silveira/0/0/1719

-per1-his143

ERROR: imagem-virtude-coimbra.cli line 223 ** Error: missing element(s) in ls(att-74) must have: valor
Near lines: 223 
Near lines: 224                referido$Diogo Mirão/mesmo_que=ivc-diogo-mirao/id=imagem-virtude-v2-his1-22-per1-51

230: viagem$ivc-bio-goncalo-da-silveira/0/0/1719

-per1-his144
232: estadia$ivc-bio-goncalo-da-silveira/0/0/1719

-per1-his145

ERROR: imagem-virtude-coimbra.cli line 234 ** Error: missing element(s) in ls(att-75) must have: valor
Near lines: 234 
Near lines: 235                referido$Baltazar Limpo/id=ivc-baltazar-limpo


ERROR: imagem-virtude-coimbra.cli line 236 ** Error: missing element(s) in ls(att-76) must have: valor
Near lines: 236                   ls$titulo/Frei
Near lines: 237                   ls$cargo/Arcebispo


ERROR: imagem-virtude-coimbra.cli line 237 ** Error: missing element(s) in ls(att-77) must have: valor
Near lines: 237                   ls$cargo/Arcebispo
Near lines: 238                   rel$social/offered stay at episcopal residence/Gonçalo Silveira/ivc-goncalo-da-silveira


ERROR: imagem-virtude-coimbra.cli line 239 ** Error: missing element(s) in rel(rel-11) must have: iddest nomedest valor
Near lines: 239 
Near lines: 240                referido$Leão Henriques/id=ivc-leao-henriques/obs=Tornando do Mosteiro de Sanfins para Coimbra, encontrou-se com Gonçalo Silveira em Braga p.12


WARNING: imagem-virtude-coimbra.cli line 239 Element value exceeds database field length: tipo=social/offered stay at episcopal residence/Gonçalo Silveira/ivc-goncalo-da-silveira

. Size:85 limit: 32
Near lines: 239 
Near lines: 240                referido$Leão Henriques/id=ivc-leao-henriques/obs=Tornando do Mosteiro de Sanfins para Coimbra, encontrou-se com Gonçalo Silveira em Braga p.12


WARNING: imagem-virtude-coimbra.cli line 240 Element value exceeds database field length: nome=Leão Henriques/id=ivc-leao-henriques/obs=Tornando do Mosteiro de Sanfins para Coimbra, encontrou-se com Gonçalo Silveira em Braga p.12
. Size:135 limit: 128
Near lines: 240                referido$Leão Henriques/id=ivc-leao-henriques/obs=Tornando do Mosteiro de Sanfins para Coimbra, encontrou-se com Gonçalo Silveira em Braga p.12
Near lines: 241                   ls$order/jesuit


ERROR: imagem-virtude-coimbra.cli line 241 ** Error: missing element(s) in ls(att-78) must have: valor
Near lines: 241                   ls$order/jesuit
Near lines: 242                   ls$jesuita-estatuto/padre


ERROR: imagem-virtude-coimbra.cli line 242 ** Error: missing element(s) in ls(att-79) must have: valor
Near lines: 242                   ls$jesuita-estatuto/padre
Near lines: 243                   ls$estadia/Mosteiro de Sanfins


ERROR: imagem-virtude-coimbra.cli line 244 ** Error: missing element(s) in ls(att-80) must have: valor
Near lines: 244 
Near lines: 245             estadia$Missão no Porto/30/11/1551/obs="dia de Santo André"/id=ivc-goncalo-da-silveira-his3-57

247: estadia$ivc-bio-goncalo-da-silveira/0/0/1719

-per1-his146

ERROR: imagem-virtude-coimbra.cli line 249 ** Error: missing element(s) in ls(att-81) must have: valor
Near lines: 249 
Near lines: 250                referido$Pedro de Santa Maria/id=ivc-goncalo-da-silveira-his3-57-per1-60


ERROR: imagem-virtude-coimbra.cli line 251 ** Error: missing element(s) in ls(att-82) must have: valor
Near lines: 251                   ls$order/Congregação de S.João Evangelista/obs="Que neste Reino chamam Santo Elói"
Near lines: 252                   ls$order/Lóios/obs=same as S.João Evangelista


ERROR: imagem-virtude-coimbra.cli line 253 ** Error: missing element(s) in ls(att-83) must have: valor
Near lines: 253 
Near lines: 254                referido$Henrique Nunes/id=ivc-henrique-nunes/obs="devotissimo da nossa Companhia" p.15


ERROR: imagem-virtude-coimbra.cli line 255 ** Error: missing element(s) in rel(rel-12) must have: iddest nomedest valor
Near lines: 255                   rel$parentesco/pai/Cristovão de Gouveia/ivc-cristovao-madureira
Near lines: 256                   rel$parentesco/pai/João de Madureira/ivc-joao-de-madireira


WARNING: imagem-virtude-coimbra.cli line 255 Element value exceeds database field length: tipo=parentesco/pai/Cristovão de Gouveia/ivc-cristovao-madureira
. Size:60 limit: 32
Near lines: 255                   rel$parentesco/pai/Cristovão de Gouveia/ivc-cristovao-madureira
Near lines: 256                   rel$parentesco/pai/João de Madureira/ivc-joao-de-madireira


ERROR: imagem-virtude-coimbra.cli line 257 ** Error: missing element(s) in rel(rel-13) must have: iddest nomedest valor
Near lines: 257 
Near lines: 258                referido$Cristovão de Gouveia/id=ivc-goncalo-da-silveira-his3-57-per2-60


WARNING: imagem-virtude-coimbra.cli line 257 Element value exceeds database field length: tipo=parentesco/pai/João de Madureira/ivc-joao-de-madireira

. Size:56 limit: 32
Near lines: 257 
Near lines: 258                referido$Cristovão de Gouveia/id=ivc-goncalo-da-silveira-his3-57-per2-60


ERROR: imagem-virtude-coimbra.cli line 260 ** Error: missing element(s) in ls(att-84) must have: valor
Near lines: 260 
Near lines: 261                referido$João de Madureira/id=ivc-goncalo-da-silveira-his3-57-per3-60

*** ERROR: MAXIMUM NUMBER OF ERRORS REACHED. TRANSLATION ABORTED.
*** End of File


100  errors. 
18  warnings.
Translation finished.
